{
  "id": "555cb3a5-74a6-4e33-854a-9b8c7c712b92",
  "reference": "SOME_REF",
  "createdDate": "{#date_time_format:iso_instant#}",
  "shippingDate": "2019-04-23T10:00:00+02:00",
  "items": [
    {
      "id": "d6ecd6a5-ae6b-4eda-a944-e78f788011c4",
      "reference": "{#regex:^ITEM_[0-9]+$#}"
    },
    {
      "id": "05170f42-7972-4552-9f0d-334567109984",
      "reference": "ITEM_1"
    },
    {
      "id": "{#uuid#}",
      "reference": "ITEM_2"
    }
  ]
}
